// Jest Snapshot v1, https://goo.gl/fbAQLP

exports[`<Text /> render h1 tag 1`] = `
.c0 {
  font-family: sans-serif;
}

<div>
  <h1
    class="c0"
  >
    Simple text
  </h1>
</div>
`;
